------------------------------------------------------------
Timing Analyzer Summary
------------------------------------------------------------

Type  : Slow 1100mV 85C Model Setup 'cpu:inst12|OP[4]'
Slack : -41.616
TNS   : -653.756

Type  : Slow 1100mV 85C Model Setup 'SW[8]'
Slack : -37.180
TNS   : -5380.111

Type  : Slow 1100mV 85C Model Setup 'lpm_dff1:inst1|lpm_ff:lpm_ff_component|dffs[0]'
Slack : -21.400
TNS   : -1323.371

Type  : Slow 1100mV 85C Model Setup 'dec_keyboard:inst11|f3'
Slack : -9.717
TNS   : -92.336

Type  : Slow 1100mV 85C Model Setup 'PS2_CLK'
Slack : -6.850
TNS   : -48.066

Type  : Slow 1100mV 85C Model Setup 'CLOCK_50'
Slack : -6.680
TNS   : -14031.995

Type  : Slow 1100mV 85C Model Setup 'clk_div:inst25|clock_1Khz_int'
Slack : -2.336
TNS   : -8.461

Type  : Slow 1100mV 85C Model Setup 'clk_div:inst25|clock_10Khz_int'
Slack : -2.228
TNS   : -8.994

Type  : Slow 1100mV 85C Model Setup 'clk_div:inst25|clock_100hz_int'
Slack : -2.214
TNS   : -9.179

Type  : Slow 1100mV 85C Model Setup 'clk_div:inst25|clock_1Mhz_int'
Slack : -2.045
TNS   : -10.099

Type  : Slow 1100mV 85C Model Setup 'clk_div:inst25|clock_1KHz'
Slack : -1.985
TNS   : -5.203

Type  : Slow 1100mV 85C Model Setup 'clk_div:inst25|clock_100Khz_int'
Slack : -1.855
TNS   : -7.253

Type  : Slow 1100mV 85C Model Setup 'clk_div:inst25|clock_10Hz_int'
Slack : -1.523
TNS   : -9.624

Type  : Slow 1100mV 85C Model Setup 'clk_div:inst25|clock_100KHz'
Slack : -1.273
TNS   : -4.299

Type  : Slow 1100mV 85C Model Hold 'SW[8]'
Slack : -3.763
TNS   : -7.920

Type  : Slow 1100mV 85C Model Hold 'PS2_CLK'
Slack : -2.408
TNS   : -2.408

Type  : Slow 1100mV 85C Model Hold 'CLOCK_50'
Slack : 0.284
TNS   : 0.000

Type  : Slow 1100mV 85C Model Hold 'lpm_dff1:inst1|lpm_ff:lpm_ff_component|dffs[0]'
Slack : 0.288
TNS   : 0.000

Type  : Slow 1100mV 85C Model Hold 'clk_div:inst25|clock_1Khz_int'
Slack : 0.319
TNS   : 0.000

Type  : Slow 1100mV 85C Model Hold 'clk_div:inst25|clock_1Mhz_int'
Slack : 0.357
TNS   : 0.000

Type  : Slow 1100mV 85C Model Hold 'clk_div:inst25|clock_100hz_int'
Slack : 0.405
TNS   : 0.000

Type  : Slow 1100mV 85C Model Hold 'clk_div:inst25|clock_10Khz_int'
Slack : 0.437
TNS   : 0.000

Type  : Slow 1100mV 85C Model Hold 'clk_div:inst25|clock_100Khz_int'
Slack : 0.561
TNS   : 0.000

Type  : Slow 1100mV 85C Model Hold 'clk_div:inst25|clock_1KHz'
Slack : 0.675
TNS   : 0.000

Type  : Slow 1100mV 85C Model Hold 'clk_div:inst25|clock_10Hz_int'
Slack : 0.745
TNS   : 0.000

Type  : Slow 1100mV 85C Model Hold 'clk_div:inst25|clock_100KHz'
Slack : 0.762
TNS   : 0.000

Type  : Slow 1100mV 85C Model Hold 'dec_keyboard:inst11|f3'
Slack : 0.840
TNS   : 0.000

Type  : Slow 1100mV 85C Model Hold 'cpu:inst12|OP[4]'
Slack : 0.944
TNS   : 0.000

Type  : Slow 1100mV 85C Model Recovery 'keyboard:inst14|ready_set'
Slack : -1.486
TNS   : -1.486

Type  : Slow 1100mV 85C Model Recovery 'keyboard:inst14|scan_ready'
Slack : -1.482
TNS   : -1.482

Type  : Slow 1100mV 85C Model Removal 'keyboard:inst14|ready_set'
Slack : 0.558
TNS   : 0.000

Type  : Slow 1100mV 85C Model Removal 'keyboard:inst14|scan_ready'
Slack : 0.851
TNS   : 0.000

Type  : Slow 1100mV 85C Model Minimum Pulse Width 'CLOCK_50'
Slack : -2.636
TNS   : -15234.408

Type  : Slow 1100mV 85C Model Minimum Pulse Width 'SW[8]'
Slack : -1.136
TNS   : -590.467

Type  : Slow 1100mV 85C Model Minimum Pulse Width 'PS2_CLK'
Slack : -0.702
TNS   : -24.721

Type  : Slow 1100mV 85C Model Minimum Pulse Width 'lpm_dff1:inst1|lpm_ff:lpm_ff_component|dffs[0]'
Slack : -0.538
TNS   : -136.459

Type  : Slow 1100mV 85C Model Minimum Pulse Width 'dec_keyboard:inst11|f3'
Slack : -0.538
TNS   : -8.076

Type  : Slow 1100mV 85C Model Minimum Pulse Width 'clk_div:inst25|clock_1Mhz_int'
Slack : -0.538
TNS   : -5.457

Type  : Slow 1100mV 85C Model Minimum Pulse Width 'clk_div:inst25|clock_10Hz_int'
Slack : -0.538
TNS   : -5.388

Type  : Slow 1100mV 85C Model Minimum Pulse Width 'clk_div:inst25|clock_100hz_int'
Slack : -0.538
TNS   : -5.000

Type  : Slow 1100mV 85C Model Minimum Pulse Width 'clk_div:inst25|clock_10Khz_int'
Slack : -0.538
TNS   : -4.953

Type  : Slow 1100mV 85C Model Minimum Pulse Width 'clk_div:inst25|clock_100KHz'
Slack : -0.538
TNS   : -4.213

Type  : Slow 1100mV 85C Model Minimum Pulse Width 'clk_div:inst25|clock_1Khz_int'
Slack : -0.538
TNS   : -4.172

Type  : Slow 1100mV 85C Model Minimum Pulse Width 'clk_div:inst25|clock_100Khz_int'
Slack : -0.538
TNS   : -3.844

Type  : Slow 1100mV 85C Model Minimum Pulse Width 'clk_div:inst25|clock_1KHz'
Slack : -0.538
TNS   : -2.613

Type  : Slow 1100mV 85C Model Minimum Pulse Width 'keyboard:inst14|scan_ready'
Slack : -0.538
TNS   : -0.811

Type  : Slow 1100mV 85C Model Minimum Pulse Width 'keyboard:inst14|ready_set'
Slack : -0.538
TNS   : -0.769

Type  : Slow 1100mV 85C Model Minimum Pulse Width 'cpu:inst12|OP[4]'
Slack : 0.049
TNS   : 0.000

Type  : Slow 1100mV 0C Model Setup 'cpu:inst12|OP[4]'
Slack : -43.041
TNS   : -676.261

Type  : Slow 1100mV 0C Model Setup 'SW[8]'
Slack : -38.863
TNS   : -5346.347

Type  : Slow 1100mV 0C Model Setup 'lpm_dff1:inst1|lpm_ff:lpm_ff_component|dffs[0]'
Slack : -21.984
TNS   : -1343.252

Type  : Slow 1100mV 0C Model Setup 'dec_keyboard:inst11|f3'
Slack : -9.899
TNS   : -93.081

Type  : Slow 1100mV 0C Model Setup 'PS2_CLK'
Slack : -6.816
TNS   : -46.306

Type  : Slow 1100mV 0C Model Setup 'CLOCK_50'
Slack : -6.329
TNS   : -12893.450

Type  : Slow 1100mV 0C Model Setup 'clk_div:inst25|clock_1Khz_int'
Slack : -2.364
TNS   : -8.642

Type  : Slow 1100mV 0C Model Setup 'clk_div:inst25|clock_100hz_int'
Slack : -2.240
TNS   : -9.387

Type  : Slow 1100mV 0C Model Setup 'clk_div:inst25|clock_10Khz_int'
Slack : -2.214
TNS   : -9.173

Type  : Slow 1100mV 0C Model Setup 'clk_div:inst25|clock_1Mhz_int'
Slack : -2.049
TNS   : -9.946

Type  : Slow 1100mV 0C Model Setup 'clk_div:inst25|clock_1KHz'
Slack : -1.990
TNS   : -4.974

Type  : Slow 1100mV 0C Model Setup 'clk_div:inst25|clock_100Khz_int'
Slack : -1.923
TNS   : -7.592

Type  : Slow 1100mV 0C Model Setup 'clk_div:inst25|clock_10Hz_int'
Slack : -1.568
TNS   : -9.865

Type  : Slow 1100mV 0C Model Setup 'clk_div:inst25|clock_100KHz'
Slack : -1.209
TNS   : -4.250

Type  : Slow 1100mV 0C Model Hold 'SW[8]'
Slack : -3.682
TNS   : -7.670

Type  : Slow 1100mV 0C Model Hold 'PS2_CLK'
Slack : -2.417
TNS   : -2.417

Type  : Slow 1100mV 0C Model Hold 'CLOCK_50'
Slack : -0.003
TNS   : -0.003

Type  : Slow 1100mV 0C Model Hold 'lpm_dff1:inst1|lpm_ff:lpm_ff_component|dffs[0]'
Slack : 0.273
TNS   : 0.000

Type  : Slow 1100mV 0C Model Hold 'clk_div:inst25|clock_1Khz_int'
Slack : 0.308
TNS   : 0.000

Type  : Slow 1100mV 0C Model Hold 'clk_div:inst25|clock_10Khz_int'
Slack : 0.435
TNS   : 0.000

Type  : Slow 1100mV 0C Model Hold 'clk_div:inst25|clock_1Mhz_int'
Slack : 0.465
TNS   : 0.000

Type  : Slow 1100mV 0C Model Hold 'clk_div:inst25|clock_100hz_int'
Slack : 0.488
TNS   : 0.000

Type  : Slow 1100mV 0C Model Hold 'clk_div:inst25|clock_1KHz'
Slack : 0.640
TNS   : 0.000

Type  : Slow 1100mV 0C Model Hold 'clk_div:inst25|clock_100Khz_int'
Slack : 0.659
TNS   : 0.000

Type  : Slow 1100mV 0C Model Hold 'clk_div:inst25|clock_10Hz_int'
Slack : 0.700
TNS   : 0.000

Type  : Slow 1100mV 0C Model Hold 'clk_div:inst25|clock_100KHz'
Slack : 0.730
TNS   : 0.000

Type  : Slow 1100mV 0C Model Hold 'dec_keyboard:inst11|f3'
Slack : 0.779
TNS   : 0.000

Type  : Slow 1100mV 0C Model Hold 'cpu:inst12|OP[4]'
Slack : 0.891
TNS   : 0.000

Type  : Slow 1100mV 0C Model Recovery 'keyboard:inst14|ready_set'
Slack : -1.496
TNS   : -1.496

Type  : Slow 1100mV 0C Model Recovery 'keyboard:inst14|scan_ready'
Slack : -1.354
TNS   : -1.354

Type  : Slow 1100mV 0C Model Removal 'keyboard:inst14|ready_set'
Slack : 0.529
TNS   : 0.000

Type  : Slow 1100mV 0C Model Removal 'keyboard:inst14|scan_ready'
Slack : 0.784
TNS   : 0.000

Type  : Slow 1100mV 0C Model Minimum Pulse Width 'CLOCK_50'
Slack : -2.636
TNS   : -15236.590

Type  : Slow 1100mV 0C Model Minimum Pulse Width 'SW[8]'
Slack : -1.181
TNS   : -639.349

Type  : Slow 1100mV 0C Model Minimum Pulse Width 'PS2_CLK'
Slack : -0.710
TNS   : -22.218

Type  : Slow 1100mV 0C Model Minimum Pulse Width 'lpm_dff1:inst1|lpm_ff:lpm_ff_component|dffs[0]'
Slack : -0.538
TNS   : -132.003

Type  : Slow 1100mV 0C Model Minimum Pulse Width 'dec_keyboard:inst11|f3'
Slack : -0.538
TNS   : -7.987

Type  : Slow 1100mV 0C Model Minimum Pulse Width 'clk_div:inst25|clock_1Mhz_int'
Slack : -0.538
TNS   : -5.425

Type  : Slow 1100mV 0C Model Minimum Pulse Width 'clk_div:inst25|clock_10Hz_int'
Slack : -0.538
TNS   : -5.407

Type  : Slow 1100mV 0C Model Minimum Pulse Width 'clk_div:inst25|clock_10Khz_int'
Slack : -0.538
TNS   : -5.007

Type  : Slow 1100mV 0C Model Minimum Pulse Width 'clk_div:inst25|clock_100hz_int'
Slack : -0.538
TNS   : -4.956

Type  : Slow 1100mV 0C Model Minimum Pulse Width 'clk_div:inst25|clock_100KHz'
Slack : -0.538
TNS   : -4.183

Type  : Slow 1100mV 0C Model Minimum Pulse Width 'clk_div:inst25|clock_1Khz_int'
Slack : -0.538
TNS   : -4.099

Type  : Slow 1100mV 0C Model Minimum Pulse Width 'clk_div:inst25|clock_100Khz_int'
Slack : -0.538
TNS   : -3.857

Type  : Slow 1100mV 0C Model Minimum Pulse Width 'clk_div:inst25|clock_1KHz'
Slack : -0.538
TNS   : -2.618

Type  : Slow 1100mV 0C Model Minimum Pulse Width 'keyboard:inst14|scan_ready'
Slack : -0.538
TNS   : -0.807

Type  : Slow 1100mV 0C Model Minimum Pulse Width 'keyboard:inst14|ready_set'
Slack : -0.538
TNS   : -0.771

Type  : Slow 1100mV 0C Model Minimum Pulse Width 'cpu:inst12|OP[4]'
Slack : 0.052
TNS   : 0.000

Type  : Fast 1100mV 85C Model Setup 'cpu:inst12|OP[4]'
Slack : -19.601
TNS   : -306.768

Type  : Fast 1100mV 85C Model Setup 'SW[8]'
Slack : -17.642
TNS   : -2880.955

Type  : Fast 1100mV 85C Model Setup 'lpm_dff1:inst1|lpm_ff:lpm_ff_component|dffs[0]'
Slack : -9.624
TNS   : -592.814

Type  : Fast 1100mV 85C Model Setup 'dec_keyboard:inst11|f3'
Slack : -4.369
TNS   : -41.517

Type  : Fast 1100mV 85C Model Setup 'CLOCK_50'
Slack : -3.607
TNS   : -6286.746

Type  : Fast 1100mV 85C Model Setup 'PS2_CLK'
Slack : -3.261
TNS   : -12.678

Type  : Fast 1100mV 85C Model Setup 'clk_div:inst25|clock_10Khz_int'
Slack : -1.324
TNS   : -3.079

Type  : Fast 1100mV 85C Model Setup 'clk_div:inst25|clock_1Khz_int'
Slack : -1.104
TNS   : -2.778

Type  : Fast 1100mV 85C Model Setup 'clk_div:inst25|clock_100hz_int'
Slack : -0.921
TNS   : -2.802

Type  : Fast 1100mV 85C Model Setup 'clk_div:inst25|clock_100Khz_int'
Slack : -0.773
TNS   : -2.257

Type  : Fast 1100mV 85C Model Setup 'clk_div:inst25|clock_1KHz'
Slack : -0.752
TNS   : -1.847

Type  : Fast 1100mV 85C Model Setup 'clk_div:inst25|clock_1Mhz_int'
Slack : -0.716
TNS   : -3.104

Type  : Fast 1100mV 85C Model Setup 'clk_div:inst25|clock_100KHz'
Slack : -0.509
TNS   : -1.253

Type  : Fast 1100mV 85C Model Setup 'clk_div:inst25|clock_10Hz_int'
Slack : -0.424
TNS   : -2.513

Type  : Fast 1100mV 85C Model Hold 'SW[8]'
Slack : -1.851
TNS   : -3.133

Type  : Fast 1100mV 85C Model Hold 'PS2_CLK'
Slack : -1.247
TNS   : -1.247

Type  : Fast 1100mV 85C Model Hold 'clk_div:inst25|clock_1Mhz_int'
Slack : -0.104
TNS   : -0.104

Type  : Fast 1100mV 85C Model Hold 'CLOCK_50'
Slack : -0.059
TNS   : -0.098

Type  : Fast 1100mV 85C Model Hold 'clk_div:inst25|clock_100Khz_int'
Slack : -0.010
TNS   : -0.010

Type  : Fast 1100mV 85C Model Hold 'lpm_dff1:inst1|lpm_ff:lpm_ff_component|dffs[0]'
Slack : -0.004
TNS   : -0.004

Type  : Fast 1100mV 85C Model Hold 'clk_div:inst25|clock_100hz_int'
Slack : 0.003
TNS   : 0.000

Type  : Fast 1100mV 85C Model Hold 'clk_div:inst25|clock_1KHz'
Slack : 0.013
TNS   : 0.000

Type  : Fast 1100mV 85C Model Hold 'clk_div:inst25|clock_1Khz_int'
Slack : 0.062
TNS   : 0.000

Type  : Fast 1100mV 85C Model Hold 'clk_div:inst25|clock_10Khz_int'
Slack : 0.198
TNS   : 0.000

Type  : Fast 1100mV 85C Model Hold 'clk_div:inst25|clock_100KHz'
Slack : 0.292
TNS   : 0.000

Type  : Fast 1100mV 85C Model Hold 'dec_keyboard:inst11|f3'
Slack : 0.295
TNS   : 0.000

Type  : Fast 1100mV 85C Model Hold 'clk_div:inst25|clock_10Hz_int'
Slack : 0.302
TNS   : 0.000

Type  : Fast 1100mV 85C Model Hold 'cpu:inst12|OP[4]'
Slack : 0.537
TNS   : 0.000

Type  : Fast 1100mV 85C Model Recovery 'keyboard:inst14|ready_set'
Slack : -0.915
TNS   : -0.915

Type  : Fast 1100mV 85C Model Recovery 'keyboard:inst14|scan_ready'
Slack : -0.454
TNS   : -0.454

Type  : Fast 1100mV 85C Model Removal 'keyboard:inst14|ready_set'
Slack : 0.105
TNS   : 0.000

Type  : Fast 1100mV 85C Model Removal 'keyboard:inst14|scan_ready'
Slack : 0.193
TNS   : 0.000

Type  : Fast 1100mV 85C Model Minimum Pulse Width 'CLOCK_50'
Slack : -2.174
TNS   : -12500.698

Type  : Fast 1100mV 85C Model Minimum Pulse Width 'SW[8]'
Slack : -1.102
TNS   : -556.631

Type  : Fast 1100mV 85C Model Minimum Pulse Width 'PS2_CLK'
Slack : -0.747
TNS   : -20.794

Type  : Fast 1100mV 85C Model Minimum Pulse Width 'lpm_dff1:inst1|lpm_ff:lpm_ff_component|dffs[0]'
Slack : -0.097
TNS   : -5.258

Type  : Fast 1100mV 85C Model Minimum Pulse Width 'clk_div:inst25|clock_1KHz'
Slack : -0.030
TNS   : -0.088

Type  : Fast 1100mV 85C Model Minimum Pulse Width 'clk_div:inst25|clock_100KHz'
Slack : 0.007
TNS   : 0.000

Type  : Fast 1100mV 85C Model Minimum Pulse Width 'clk_div:inst25|clock_1Khz_int'
Slack : 0.018
TNS   : 0.000

Type  : Fast 1100mV 85C Model Minimum Pulse Width 'clk_div:inst25|clock_10Khz_int'
Slack : 0.034
TNS   : 0.000

Type  : Fast 1100mV 85C Model Minimum Pulse Width 'clk_div:inst25|clock_100hz_int'
Slack : 0.080
TNS   : 0.000

Type  : Fast 1100mV 85C Model Minimum Pulse Width 'keyboard:inst14|scan_ready'
Slack : 0.081
TNS   : 0.000

Type  : Fast 1100mV 85C Model Minimum Pulse Width 'dec_keyboard:inst11|f3'
Slack : 0.082
TNS   : 0.000

Type  : Fast 1100mV 85C Model Minimum Pulse Width 'clk_div:inst25|clock_10Hz_int'
Slack : 0.132
TNS   : 0.000

Type  : Fast 1100mV 85C Model Minimum Pulse Width 'clk_div:inst25|clock_100Khz_int'
Slack : 0.143
TNS   : 0.000

Type  : Fast 1100mV 85C Model Minimum Pulse Width 'clk_div:inst25|clock_1Mhz_int'
Slack : 0.143
TNS   : 0.000

Type  : Fast 1100mV 85C Model Minimum Pulse Width 'keyboard:inst14|ready_set'
Slack : 0.147
TNS   : 0.000

Type  : Fast 1100mV 85C Model Minimum Pulse Width 'cpu:inst12|OP[4]'
Slack : 0.188
TNS   : 0.000

Type  : Fast 1100mV 0C Model Setup 'cpu:inst12|OP[4]'
Slack : -18.216
TNS   : -285.442

Type  : Fast 1100mV 0C Model Setup 'SW[8]'
Slack : -16.339
TNS   : -2558.797

Type  : Fast 1100mV 0C Model Setup 'lpm_dff1:inst1|lpm_ff:lpm_ff_component|dffs[0]'
Slack : -9.024
TNS   : -544.709

Type  : Fast 1100mV 0C Model Setup 'dec_keyboard:inst11|f3'
Slack : -4.223
TNS   : -39.935

Type  : Fast 1100mV 0C Model Setup 'CLOCK_50'
Slack : -3.238
TNS   : -5192.505

Type  : Fast 1100mV 0C Model Setup 'PS2_CLK'
Slack : -3.085
TNS   : -10.563

Type  : Fast 1100mV 0C Model Setup 'clk_div:inst25|clock_10Khz_int'
Slack : -1.163
TNS   : -2.649

Type  : Fast 1100mV 0C Model Setup 'clk_div:inst25|clock_1Khz_int'
Slack : -0.988
TNS   : -2.428

Type  : Fast 1100mV 0C Model Setup 'clk_div:inst25|clock_100hz_int'
Slack : -0.860
TNS   : -2.421

Type  : Fast 1100mV 0C Model Setup 'clk_div:inst25|clock_100Khz_int'
Slack : -0.735
TNS   : -1.978

Type  : Fast 1100mV 0C Model Setup 'clk_div:inst25|clock_1Mhz_int'
Slack : -0.676
TNS   : -2.589

Type  : Fast 1100mV 0C Model Setup 'clk_div:inst25|clock_1KHz'
Slack : -0.645
TNS   : -1.488

Type  : Fast 1100mV 0C Model Setup 'clk_div:inst25|clock_100KHz'
Slack : -0.398
TNS   : -0.957

Type  : Fast 1100mV 0C Model Setup 'clk_div:inst25|clock_10Hz_int'
Slack : -0.360
TNS   : -2.126

Type  : Fast 1100mV 0C Model Hold 'SW[8]'
Slack : -1.752
TNS   : -3.013

Type  : Fast 1100mV 0C Model Hold 'PS2_CLK'
Slack : -1.245
TNS   : -1.245

Type  : Fast 1100mV 0C Model Hold 'CLOCK_50'
Slack : -0.176
TNS   : -12.759

Type  : Fast 1100mV 0C Model Hold 'clk_div:inst25|clock_1Mhz_int'
Slack : -0.103
TNS   : -0.103

Type  : Fast 1100mV 0C Model Hold 'clk_div:inst25|clock_1KHz'
Slack : -0.045
TNS   : -0.088

Type  : Fast 1100mV 0C Model Hold 'clk_div:inst25|clock_100Khz_int'
Slack : -0.016
TNS   : -0.016

Type  : Fast 1100mV 0C Model Hold 'clk_div:inst25|clock_100hz_int'
Slack : -0.012
TNS   : -0.012

Type  : Fast 1100mV 0C Model Hold 'lpm_dff1:inst1|lpm_ff:lpm_ff_component|dffs[0]'
Slack : -0.012
TNS   : -0.012

Type  : Fast 1100mV 0C Model Hold 'clk_div:inst25|clock_1Khz_int'
Slack : 0.014
TNS   : 0.000

Type  : Fast 1100mV 0C Model Hold 'clk_div:inst25|clock_10Khz_int'
Slack : 0.131
TNS   : 0.000

Type  : Fast 1100mV 0C Model Hold 'clk_div:inst25|clock_10Hz_int'
Slack : 0.259
TNS   : 0.000

Type  : Fast 1100mV 0C Model Hold 'clk_div:inst25|clock_100KHz'
Slack : 0.269
TNS   : 0.000

Type  : Fast 1100mV 0C Model Hold 'dec_keyboard:inst11|f3'
Slack : 0.271
TNS   : 0.000

Type  : Fast 1100mV 0C Model Hold 'cpu:inst12|OP[4]'
Slack : 0.477
TNS   : 0.000

Type  : Fast 1100mV 0C Model Recovery 'keyboard:inst14|ready_set'
Slack : -0.807
TNS   : -0.807

Type  : Fast 1100mV 0C Model Recovery 'keyboard:inst14|scan_ready'
Slack : -0.351
TNS   : -0.351

Type  : Fast 1100mV 0C Model Removal 'keyboard:inst14|ready_set'
Slack : 0.053
TNS   : 0.000

Type  : Fast 1100mV 0C Model Removal 'keyboard:inst14|scan_ready'
Slack : 0.118
TNS   : 0.000

Type  : Fast 1100mV 0C Model Minimum Pulse Width 'CLOCK_50'
Slack : -2.174
TNS   : -12714.905

Type  : Fast 1100mV 0C Model Minimum Pulse Width 'SW[8]'
Slack : -1.066
TNS   : -559.007

Type  : Fast 1100mV 0C Model Minimum Pulse Width 'PS2_CLK'
Slack : -0.753
TNS   : -21.410

Type  : Fast 1100mV 0C Model Minimum Pulse Width 'lpm_dff1:inst1|lpm_ff:lpm_ff_component|dffs[0]'
Slack : -0.030
TNS   : -0.724

Type  : Fast 1100mV 0C Model Minimum Pulse Width 'clk_div:inst25|clock_1KHz'
Slack : 0.004
TNS   : 0.000

Type  : Fast 1100mV 0C Model Minimum Pulse Width 'clk_div:inst25|clock_100KHz'
Slack : 0.041
TNS   : 0.000

Type  : Fast 1100mV 0C Model Minimum Pulse Width 'clk_div:inst25|clock_1Khz_int'
Slack : 0.051
TNS   : 0.000

Type  : Fast 1100mV 0C Model Minimum Pulse Width 'clk_div:inst25|clock_10Khz_int'
Slack : 0.056
TNS   : 0.000

Type  : Fast 1100mV 0C Model Minimum Pulse Width 'clk_div:inst25|clock_100hz_int'
Slack : 0.093
TNS   : 0.000

Type  : Fast 1100mV 0C Model Minimum Pulse Width 'keyboard:inst14|scan_ready'
Slack : 0.098
TNS   : 0.000

Type  : Fast 1100mV 0C Model Minimum Pulse Width 'dec_keyboard:inst11|f3'
Slack : 0.103
TNS   : 0.000

Type  : Fast 1100mV 0C Model Minimum Pulse Width 'clk_div:inst25|clock_10Hz_int'
Slack : 0.128
TNS   : 0.000

Type  : Fast 1100mV 0C Model Minimum Pulse Width 'clk_div:inst25|clock_100Khz_int'
Slack : 0.143
TNS   : 0.000

Type  : Fast 1100mV 0C Model Minimum Pulse Width 'keyboard:inst14|ready_set'
Slack : 0.145
TNS   : 0.000

Type  : Fast 1100mV 0C Model Minimum Pulse Width 'clk_div:inst25|clock_1Mhz_int'
Slack : 0.148
TNS   : 0.000

Type  : Fast 1100mV 0C Model Minimum Pulse Width 'cpu:inst12|OP[4]'
Slack : 0.247
TNS   : 0.000

------------------------------------------------------------
